[backblue.gif]
[fade.gif]
[index.html]
[file/C_/Users/MAA/Desktop/epp/Civil Registration System.html]
[file/C_/Users/MAA/Desktop/epp/Civil Registration System_files/style.css]
[file/C_/Users/MAA/Desktop/epp/Civil Registration System_files/mm_menu.js.download]
[file/C_/Users/MAA/Desktop/epp/Civil Registration System_files/jquery-1.9.0.js.download]
[file/C_/Users/MAA/Desktop/epp/Civil Registration System_files/jquery-ui-1.10.0.custom.js.download]
[file/C_/Users/MAA/Desktop/epp/Civil Registration System_files/json_parse.js.download]
[file/C_/Users/MAA/Desktop/epp/Civil Registration System_files/jquery.ui.core.js.download]
[file/C_/Users/MAA/Desktop/epp/Civil Registration System_files/logo-top.jpg]
[file/C_/Users/MAA/Desktop/epp/Civil Registration System_files/default.css]
[file/C_/Users/MAA/Desktop/epp/Civil Registration System_files/main.css]
[file/C_/Users/MAA/Desktop/epp/Civil Registration System_files/jquery.ui.all.css]
[file/C_/Users/MAA/Desktop/epp/Civil Registration System_files/jquery-ui-1.10.0.custom.css]
[file/C_/Users/MAA/Desktop/epp/Civil Registration System_files/emb-forms.gif]
[file/C_/Users/MAA/Desktop/epp/Civil Registration System_files/saved_resource]
[file/C_/Users/MAA/Desktop/epp/Civil Registration System_files/barcode-25022023.PNG]
[file/C_/Users/MAA/Desktop/epp/images/header-top-strip.jpg]
[file/C_/Users/MAA/Desktop/epp/images/herader-right-bg.jpg]
[file/C_/Users/MAA/Desktop/epp/images/top-menu-bg.jpg]
[file/C_/Users/MAA/Desktop/epp/images/top-title-strip.jpg]
[file/C_/Users/MAA/Desktop/epp/images/doted-bull.gif]
[file/C_/Users/MAA/Desktop/epp/images/none-bull.gif]
[file/C_/Users/MAA/Desktop/epp/images/welcome-strip-bg.jpg]
[file/C_/Users/MAA/Desktop/epp/images/form-title-strip.jpg]
[file/C_/Users/MAA/Desktop/epp/images/water-mark.gif]
[file/C_/Users/MAA/Desktop/epp/images/busy.gif]
[file/C_/Users/MAA/Desktop/epp/images/cla-edit.jpg]
[file/C_/Users/MAA/Desktop/epp/images/btn-bg.gif]
[file/C_/Users/MAA/Desktop/epp/images/refresh1.png]
[file/C_/Users/MAA/Desktop/epp/images/tooltip-arrow.gif]
[file/C_/Users/MAA/Desktop/epp/images/submit-btn.jpg]
[file/C_/Users/MAA/Desktop/epp/Civil Registration System_files/jquery.ui.base.css]
[file/C_/Users/MAA/Desktop/epp/Civil Registration System_files/jquery.ui.theme.css]
